// Jest Snapshot v1, https://goo.gl/fbAQLP

exports[`App component renders App 1`] = `
<Fragment>
  <h1>
    GriNd-O-TRoN
  </h1>
  <h3>
    A turn-based combat engine
  </h3>
  <EngineWrapper />
</Fragment>
`;
